// Jest Snapshot v1, https://goo.gl/fbAQLP

exports[`Menu Test Suite renders without crashing 1`] = `ShallowWrapper {}`;
